
> gigshield@0.1.0 build
> next build

node.exe : ΓÜá Warning: Next.js inferred 
your workspace root, but it may not be 
correct.
At line:1 char:1
+ & "C:\Program Files\nodejs/node.exe" 
"C:\Program Files\nodejs/node_mo ...
+ ~~~~~~~~~~~~~~~~~~~~~~~~~~~~~~~~~~~~~~~
~~~~~~~~~~~~~~~~~~~~~~~~~~~~~~
    + CategoryInfo          : NotSpecifi 
   ed: (ΓÜá Warning: Ne...not be correc  
  t.:String) [], RemoteException
    + FullyQualifiedErrorId : NativeComm 
   andError
 
 We detected multiple lockfiles and 
selected the directory of 
C:\Users\vanam\package-lock.json as the 
root directory.
 To silence this warning, set 
`turbopack.root` in your Next.js config, 
or consider removing one of the 
lockfiles if it's not needed.
   See https://nextjs.org/docs/app/api-re
ference/config/next-config-js/turbopack#r
oot-directory for more information.
 Detected additional lockfiles: 
   * C:\Users\vanam\gigshield\package-loc
k.json

Γû▓ Next.js 16.2.1 (Turbopack)
- Environments: .env.local

ΓÜá The "middleware" file convention is 
deprecated. Please use "proxy" instead. 
Learn more: https://nextjs.org/docs/messa
ges/middleware-to-proxy
  Creating an optimized production build ...
Γ£ô Compiled successfully in 7.8s
  Running TypeScript ...
Failed to type check.

./app/platform/dashboard/page.tsx:271:27
Type error: Type '{ children: Element; 
asChild: true; className: string; }' is 
not assignable to type 
'IntrinsicAttributes & ButtonProps & 
VariantProps<(props?: (ConfigVariants<{ 
variant: { default: string; outline: 
string; secondary: string; ghost: 
string; destructive: string; link: 
string; }; size: { ...; }; }> & 
ClassProp) | undefined) => string>'.
  Property 'asChild' does not exist on 
type 'IntrinsicAttributes & ButtonProps 
& VariantProps<(props?: 
(ConfigVariants<{ variant: { default: 
string; outline: string; secondary: 
string; ghost: string; destructive: 
string; link: string; }; size: { ...; }; 
}> & ClassProp) | undefined) => string>'.

  [90m269 |[0m                     
{!ownRate.has_min_guarantee ? 
<li>[33mOffer[0m a minimum earnings 
guarantee....
  [90m270 |[0m                   </ul>
[31m[1m>[0m [90m271 |[0m            
       <[33mButton[0m asChild 
className=[32m"bg-purple-600 
hover:bg-purple-500 text-white"[0m>
  [90m    |[0m                         
  [31m[1m^[0m
  [90m272 |[0m                     <a h
ref=[32m"/platform-portal"[0m>[33mRun
[0m [33mFull[0m [33mCompliance[0m 
[33mAudit[0m</a>
  [90m273 |[0m                   
</[33mButton[0m>
  [90m274 |[0m                 
</[33mCardContent[0m>
Next.js build worker exited with code: 1 
and signal: null
